// Vitest Snapshot v1, https://vitest.dev/guide/snapshot.html

exports[`HelloWorld > HelloWorld component renders correctly 1`] = `
<div>
  Hello, 
  World
  !
</div>
`;

exports[`HelloWorld > The greetee prop works 1`] = `
<div>
  Hello, 
  Universe
  !
</div>
`;

exports[`ModaleReact > La prop greetee fonctionne correctement 1`] = `
<div>
  <div>
    Modale React, 
    Erik-42
  </div>
</div>
`;

exports[`ModaleReact > Le composant ModaleReact se rend correctement sans props 1`] = `
<div>
  <div>
    Modale React, 
  </div>
</div>
`;

exports[`ModaleReact > ModaleReact fonctionne avec les param√®tres de la modale 1`] = `
<div>
  <div>
    Modale React, 
  </div>
</div>
`;
